******************************************************************************
                  MSP430 Linker PC v18.1.4                     
******************************************************************************
>> Linked Fri Nov 22 14:51:24 2019

OUTPUT FILE NAME:   <ECE_298.out>
ENTRY POINT SYMBOL: "_c_int00_noargs"  address: 0000e094


MEMORY CONFIGURATION

         name            origin    length      used     unused   attr    fill
----------------------  --------  ---------  --------  --------  ----  --------
  SFR                   00000000   00000010  00000000  00000010  RWIX
  PERIPHERALS_8BIT      00000010   000000f0  00000000  000000f0  RWIX
  PERIPHERALS_16BIT     00000100   00000100  00000000  00000100  RWIX
  INFOA                 00001800   00000200  00000000  00000200  RWIX
  RAM                   00002000   00000800  0000015e  000006a2  RWIX
  FRAM                  0000c400   00003b80  00001f26  00001c5a  RWIX
  JTAGSIGNATURE         0000ff80   00000004  00000004  00000000  RWIX  ffff 
  BSLSIGNATURE          0000ff84   00000004  00000004  00000000  RWIX  ffff 
  INT00                 0000ff88   00000002  00000000  00000002  RWIX
  INT01                 0000ff8a   00000002  00000000  00000002  RWIX
  INT02                 0000ff8c   00000002  00000000  00000002  RWIX
  INT03                 0000ff8e   00000002  00000000  00000002  RWIX
  INT04                 0000ff90   00000002  00000000  00000002  RWIX
  INT05                 0000ff92   00000002  00000000  00000002  RWIX
  INT06                 0000ff94   00000002  00000000  00000002  RWIX
  INT07                 0000ff96   00000002  00000000  00000002  RWIX
  INT08                 0000ff98   00000002  00000000  00000002  RWIX
  INT09                 0000ff9a   00000002  00000000  00000002  RWIX
  INT10                 0000ff9c   00000002  00000000  00000002  RWIX
  INT11                 0000ff9e   00000002  00000000  00000002  RWIX
  INT12                 0000ffa0   00000002  00000000  00000002  RWIX
  INT13                 0000ffa2   00000002  00000000  00000002  RWIX
  INT14                 0000ffa4   00000002  00000000  00000002  RWIX
  INT15                 0000ffa6   00000002  00000000  00000002  RWIX
  INT16                 0000ffa8   00000002  00000000  00000002  RWIX
  INT17                 0000ffaa   00000002  00000000  00000002  RWIX
  INT18                 0000ffac   00000002  00000000  00000002  RWIX
  INT19                 0000ffae   00000002  00000000  00000002  RWIX
  INT20                 0000ffb0   00000002  00000000  00000002  RWIX
  INT21                 0000ffb2   00000002  00000000  00000002  RWIX
  INT22                 0000ffb4   00000002  00000000  00000002  RWIX
  INT23                 0000ffb6   00000002  00000000  00000002  RWIX
  INT24                 0000ffb8   00000002  00000000  00000002  RWIX
  INT25                 0000ffba   00000002  00000000  00000002  RWIX
  INT26                 0000ffbc   00000002  00000000  00000002  RWIX
  INT27                 0000ffbe   00000002  00000000  00000002  RWIX
  INT28                 0000ffc0   00000002  00000000  00000002  RWIX
  INT29                 0000ffc2   00000002  00000000  00000002  RWIX
  INT30                 0000ffc4   00000002  00000000  00000002  RWIX
  INT31                 0000ffc6   00000002  00000000  00000002  RWIX
  INT32                 0000ffc8   00000002  00000000  00000002  RWIX
  INT33                 0000ffca   00000002  00000000  00000002  RWIX
  INT34                 0000ffcc   00000002  00000000  00000002  RWIX
  INT35                 0000ffce   00000002  00000000  00000002  RWIX
  INT36                 0000ffd0   00000002  00000000  00000002  RWIX
  INT37                 0000ffd2   00000002  00000000  00000002  RWIX
  INT38                 0000ffd4   00000002  00000000  00000002  RWIX
  INT39                 0000ffd6   00000002  00000000  00000002  RWIX
  INT40                 0000ffd8   00000002  00000000  00000002  RWIX
  INT41                 0000ffda   00000002  00000000  00000002  RWIX
  INT42                 0000ffdc   00000002  00000000  00000002  RWIX
  INT43                 0000ffde   00000002  00000000  00000002  RWIX
  INT44                 0000ffe0   00000002  00000000  00000002  RWIX
  INT45                 0000ffe2   00000002  00000002  00000000  RWIX
  INT46                 0000ffe4   00000002  00000002  00000000  RWIX
  INT47                 0000ffe6   00000002  00000002  00000000  RWIX
  INT48                 0000ffe8   00000002  00000002  00000000  RWIX
  INT49                 0000ffea   00000002  00000002  00000000  RWIX
  INT50                 0000ffec   00000002  00000002  00000000  RWIX
  INT51                 0000ffee   00000002  00000002  00000000  RWIX
  INT52                 0000fff0   00000002  00000002  00000000  RWIX
  INT53                 0000fff2   00000002  00000002  00000000  RWIX
  INT54                 0000fff4   00000002  00000002  00000000  RWIX
  INT55                 0000fff6   00000002  00000002  00000000  RWIX
  INT56                 0000fff8   00000002  00000002  00000000  RWIX
  INT57                 0000fffa   00000002  00000002  00000000  RWIX
  INT58                 0000fffc   00000002  00000002  00000000  RWIX
  RESET                 0000fffe   00000002  00000002  00000000  RWIX


SECTION ALLOCATION MAP

 output                                  attributes/
section   page    origin      length       input sections
--------  ----  ----------  ----------   ----------------
.data      0    00002000    000000b2     UNINITIALIZED
                  00002000    0000003c     main.obj (.data:noiseLevel)
                  0000203c    00000032     main.obj (.data:command)
                  0000206e    00000030     main.obj (.data)
                  0000209e    00000008     main.obj (.data:armTime)
                  000020a6    00000008     main.obj (.data:disarmTime)
                  000020ae    00000004     cs.obj (.data)

.TI.persistent 
*          0    0000c400    00000000     UNINITIALIZED

.cinit     0    0000c400    00000042     
                  0000c400    00000020     (.cinit..data.load) [load image, compression = lzss]
                  0000c420    0000000c     (__TI_handler_table)
                  0000c42c    00000006     (.cinit..bss.load) [load image, compression = zero_init]
                  0000c432    00000010     (__TI_cinit_table)

.pinit     0    0000c442    00000000     UNINITIALIZED

.binit     0    0000c442    00000000     

.init_array 
*          0    0000c442    00000000     UNINITIALIZED

.mspabi.exidx 
*          0    0000c442    00000000     UNINITIALIZED

.mspabi.extab 
*          0    0000c442    00000000     UNINITIALIZED

.const     0    0000c442    000004c4     
                  0000c442    00000344     main.obj (.const:.string)
                  0000c786    00000101     rts430x_lc_sd_eabi.lib : ctype.c.obj (.const:.string:_ctypes_)
                  0000c887    00000001     --HOLE-- [fill = 0]
                  0000c888    00000034     hal_LCD.obj (.const:alphabetBig)
                  0000c8bc    0000001c     gpio.obj (.const:GPIO_PORT_TO_BASE)
                  0000c8d8    00000014     hal_LCD.obj (.const:digit)
                  0000c8ec    00000010     main.obj (.const:$P$T0$1)
                  0000c8fc    00000006     hal_LCD.obj (.const:.string:$P$T1$2)
                  0000c902    00000004     main.obj (.const:.string:$P$T1$2)

.text      0    0000c906    00001a20     
                  0000c906    000005ae     main.obj (.text:_isr:EUSCIA0_ISR)
                  0000ceb4    00000336     main.obj (.text:main)
                  0000d1ea    0000011c     main.obj (.text:_isr:RTC_ISR)
                  0000d306    000000ee     rts430x_lc_sd_eabi.lib : copy_decompress_lzss.c.obj (.text:decompress:lzss:__TI_decompress_lzss)
                  0000d3f4    000000ce     main.obj (.text:transmitNumber)
                  0000d4c2    000000cc     hal_LCD.obj (.text:displayScrollText)
                  0000d58e    000000c4     hal_LCD.obj (.text:Init_LCD)
                  0000d652    000000c0     main.obj (.text:setEnableBitOutput)
                  0000d712    000000b8     cs.obj (.text:CS_initClockSignal)
                  0000d7ca    0000009e     main.obj (.text:Init_GPIO)
                  0000d868    0000008e     eusci_a_uart.obj (.text:EUSCI_A_UART_init)
                  0000d8f6    0000008c     hal_LCD.obj (.text:showChar)
                  0000d982    00000084     lcd_e.obj (.text:LCD_E_setPinAsLCDFunctionEx)
                  0000da06    00000080     main.obj (.text:Init_UART)
                  0000da86    0000006e     lcd_e.obj (.text:LCD_E_setPinAsCOM)
                  0000daf4    0000006a     rts430x_lc_sd_eabi.lib : autoinit.c.obj (.text:__TI_auto_init_nobinit_nopinit_hold_wdt:__TI_auto_init_nobinit_nopinit_hold_wdt)
                  0000db5e    00000056     timer_a.obj (.text:Timer_A_outputPWM)
                  0000dbb4    00000052     main.obj (.text:Init_ADC)
                  0000dc06    00000052     rts430x_lc_sd_eabi.lib : atoi.c.obj (.text:atoi)
                  0000dc58    00000040                            : cpy_util.asm.obj (.text:__memcpy_far)
                  0000dc98    0000003e     hal_LCD.obj (.text:clearLCD)
                  0000dcd6    0000003e     rts430x_lc_sd_eabi.lib : copy_zero_init.c.obj (.text:decompress:ZI:__TI_zero_init_nomemset:__TI_zero_init_nomemset)
                  0000dd14    0000003c     main.obj (.text:Init_Clock)
                  0000dd50    0000003c     rts430x_lc_sd_eabi.lib : copy_decompress_none.c.obj (.text:decompress:none:__TI_decompress_none)
                  0000dd8c    00000034     adc.obj (.text:ADC_init)
                  0000ddc0    00000034     main.obj (.text:printNewLine)
                  0000ddf4    00000034     main.obj (.text:transmitString)
                  0000de28    00000032     gpio.obj (.text:GPIO_setAsPeripheralModuleFunctionInputPin)
                  0000de5a    00000030     adc.obj (.text:ADC_configureMemory)
                  0000de8a    00000030     cs.obj (.text:CS_turnOnXT1LF)
                  0000deba    00000030     main.obj (.text:_isr:ADC_ISR)
                  0000deea    0000002e     gpio.obj (.text:GPIO_setAsPeripheralModuleFunctionOutputPin)
                  0000df18    0000002e     main.obj (.text:displayZoneStatusConditions)
                  0000df46    0000002c     main.obj (.text:Init_PWM)
                  0000df72    0000002c     rts430x_lc_sd_eabi.lib : div16s.asm.obj (.text)
                  0000df9e    0000002a                            : strncmp.c.obj (.text:strncmp)
                  0000dfc8    00000028     lcd_e.obj (.text:LCD_E_init)
                  0000dff0    00000026     gpio.obj (.text:GPIO_setAsInputPinWithPullUpResistor)
                  0000e016    00000020     gpio.obj (.text:GPIO_setAsInputPin)
                  0000e036    00000020     main.obj (.text:_isr:Port_1)
                  0000e056    00000020     lcd_e.obj (.text:setLCDFunction)
                  0000e076    0000001e     main.obj (.text:_isr:Port_2)
                  0000e094    0000001c     rts430x_lc_sd_eabi.lib : boot.c.obj (.text:_isr:_c_int00_noargs)
                  0000e0b0    0000001a     adc.obj (.text:ADC_startConversion)
                  0000e0ca    0000001a     gpio.obj (.text:GPIO_getInputPinValue)
                  0000e0e4    0000001a     gpio.obj (.text:GPIO_setAsOutputPin)
                  0000e0fe    00000018     main.obj (.text:Init_RTC)
                  0000e116    00000018     rts430x_lc_sd_eabi.lib : strcmp.c.obj (.text:strcmp)
                  0000e12e    00000016     eusci_a_uart.obj (.text:EUSCI_A_UART_enableInterrupt)
                  0000e144    00000016     gpio.obj (.text:GPIO_setOutputHighOnPin)
                  0000e15a    00000016     gpio.obj (.text:GPIO_setOutputLowOnPin)
                  0000e170    00000016     rts430x_lc_sd_eabi.lib : div16u.asm.obj (.text)
                  0000e186    00000014     adc.obj (.text:ADC_setupSamplingTimer)
                  0000e19a    00000014     eusci_a_uart.obj (.text:EUSCI_A_UART_receiveData)
                  0000e1ae    00000014     eusci_a_uart.obj (.text:EUSCI_A_UART_transmitData)
                  0000e1c2    00000014     wdt_a.obj (.text:WDT_A_hold)
                  0000e1d6    00000014     rts430x_lc_sd_eabi.lib : memset.c.obj (.text:memset)
                  0000e1ea    00000014                            : mult16.asm.obj (.text)
                  0000e1fe    00000012     lcd_e.obj (.text:LCD_E_setVLCDSource)
                  0000e210    00000012     rtc.obj (.text:RTC_start)
                  0000e222    00000012     rts430x_lc_sd_eabi.lib : memcpy.c.obj (.text:memcpy)
                  0000e234    00000010     rtc.obj (.text:RTC_init)
                  0000e244    0000000e     lcd_e.obj (.text:LCD_E_selectDisplayMemory)
                  0000e252    0000000e     lcd_e.obj (.text:LCD_E_setChargePumpFreq)
                  0000e260    0000000e     lcd_e.obj (.text:LCD_E_setVLCDVoltage)
                  0000e26e    0000000e     rts430x_lc_sd_eabi.lib : strlen.c.obj (.text:strlen)
                  0000e27c    0000000c     lcd_e.obj (.text:LCD_E_on)
                  0000e288    0000000a     cs.obj (.text:CS_setExternalClockSource)
                  0000e292    0000000a     rtc.obj (.text:RTC_enableInterrupt)
                  0000e29c    0000000a     rts430x_lc_sd_eabi.lib : abs.c.obj (.text:abs)
                  0000e2a6    0000000a                            : lsl16.asm.obj (.text)
                  0000e2b0    0000000a                            : lsr16.asm.obj (.text)
                  0000e2ba    00000008     adc.obj (.text:ADC_enable)
                  0000e2c2    00000008     adc.obj (.text:ADC_getInterruptStatus)
                  0000e2ca    00000008     eusci_a_uart.obj (.text:EUSCI_A_UART_getInterruptStatus)
                  0000e2d2    00000008     lcd_e.obj (.text:LCD_E_enableChargePump)
                  0000e2da    00000008     timer_a.obj (.text:Timer_A_stop)
                  0000e2e2    00000008     rts430x_lc_sd_eabi.lib : isr_trap.asm.obj (.text:_isr:__TI_ISR_TRAP)
                  0000e2ea    00000006     adc.obj (.text:ADC_clearInterrupt)
                  0000e2f0    00000006     adc.obj (.text:ADC_enableInterrupt)
                  0000e2f6    00000006     adc.obj (.text:ADC_getResults)
                  0000e2fc    00000006     eusci_a_uart.obj (.text:EUSCI_A_UART_clearInterrupt)
                  0000e302    00000006     eusci_a_uart.obj (.text:EUSCI_A_UART_enable)
                  0000e308    00000006     lcd_e.obj (.text:LCD_E_clearAllMemory)
                  0000e30e    00000006     pmm.obj (.text:PMM_unlockLPM5)
                  0000e314    00000006     rtc.obj (.text:RTC_clearInterrupt)
                  0000e31a    00000006     rts430x_lc_sd_eabi.lib : exit.c.obj (.text:abort)
                  0000e320    00000004                            : pre_init.c.obj (.text:_system_pre_init)
                  0000e324    00000002                            : startup.c.obj (.text:_system_post_cinit)

.bss       0    000020b2    0000000c     UNINITIALIZED
                  000020b2    0000000c     (.common:param)

.stack     0    00002760    000000a0     UNINITIALIZED
                  00002760    00000002     rts430x_lc_sd_eabi.lib : boot.c.obj (.stack)
                  00002762    0000009e     --HOLE--

LCD_E      0    0000ffe2    00000002     
                  0000ffe2    00000002     rts430x_lc_sd_eabi.lib : int45.asm.obj (.int45)

PORT2      0    0000ffe4    00000002     
                  0000ffe4    00000002     main.obj (.int46)

PORT1      0    0000ffe6    00000002     
                  0000ffe6    00000002     main.obj (.int47)

ADC        0    0000ffe8    00000002     
                  0000ffe8    00000002     main.obj (.int48)

USCI_B0    0    0000ffea    00000002     
                  0000ffea    00000002     rts430x_lc_sd_eabi.lib : int49.asm.obj (.int49)

USCI_A0    0    0000ffec    00000002     
                  0000ffec    00000002     main.obj (.int50)

WDT        0    0000ffee    00000002     
                  0000ffee    00000002     rts430x_lc_sd_eabi.lib : int51.asm.obj (.int51)

RTC        0    0000fff0    00000002     
                  0000fff0    00000002     main.obj (.int52)

TIMER1_A1 
*          0    0000fff2    00000002     
                  0000fff2    00000002     rts430x_lc_sd_eabi.lib : int53.asm.obj (.int53)

TIMER1_A0 
*          0    0000fff4    00000002     
                  0000fff4    00000002     rts430x_lc_sd_eabi.lib : int54.asm.obj (.int54)

TIMER0_A1 
*          0    0000fff6    00000002     
                  0000fff6    00000002     rts430x_lc_sd_eabi.lib : int55.asm.obj (.int55)

TIMER0_A0 
*          0    0000fff8    00000002     
                  0000fff8    00000002     rts430x_lc_sd_eabi.lib : int56.asm.obj (.int56)

UNMI       0    0000fffa    00000002     
                  0000fffa    00000002     rts430x_lc_sd_eabi.lib : int57.asm.obj (.int57)

SYSNMI     0    0000fffc    00000002     
                  0000fffc    00000002     rts430x_lc_sd_eabi.lib : int58.asm.obj (.int58)

.reset     0    0000fffe    00000002     
                  0000fffe    00000002     rts430x_lc_sd_eabi.lib : boot.c.obj (.reset)

$fill000   0    0000ff80    00000004     
                  0000ff80    00000004     --HOLE-- [fill = ffff]

$fill001   0    0000ff84    00000004     
                  0000ff84    00000004     --HOLE-- [fill = ffff]

MODULE SUMMARY

       Module                       code   ro data   rw data
       ------                       ----   -------   -------
    .\
       main.obj                     3714   866       174    
       hal_LCD.obj                  602    78        12     
    +--+----------------------------+------+---------+---------+
       Total:                       4316   944       186    
                                                            
    .\driverlib\
       lcd_e.obj                    400    0         0      
       gpio.obj                     262    28        0      
       cs.obj                       242    0         4      
       eusci_a_uart.obj             224    0         0      
       adc.obj                      180    0         0      
       timer_a.obj                  94     0         0      
       rtc.obj                      50     0         0      
       wdt_a.obj                    20     0         0      
       pmm.obj                      6      0         0      
    +--+----------------------------+------+---------+---------+
       Total:                       1478   28        4      
                                                            
    C:\ti\ccsv8\tools\compiler\ti-cgt-msp430_18.1.4.LTS\lib\rts430x_lc_sd_eabi.lib
       ctype.c.obj                  0      257       0      
       copy_decompress_lzss.c.obj   238    0         0      
       autoinit.c.obj               106    0         0      
       atoi.c.obj                   82     0         0      
       cpy_util.asm.obj             64     0         0      
       copy_zero_init.c.obj         62     0         0      
       copy_decompress_none.c.obj   60     0         0      
       div16s.asm.obj               44     0         0      
       strncmp.c.obj                42     0         0      
       boot.c.obj                   28     2         0      
       strcmp.c.obj                 24     0         0      
       div16u.asm.obj               22     0         0      
       memset.c.obj                 20     0         0      
       mult16.asm.obj               20     0         0      
       memcpy.c.obj                 18     0         0      
       strlen.c.obj                 14     0         0      
       abs.c.obj                    10     0         0      
       lsl16.asm.obj                10     0         0      
       lsr16.asm.obj                10     0         0      
       isr_trap.asm.obj             8      0         0      
       exit.c.obj                   6      0         0      
       pre_init.c.obj               4      0         0      
       int45.asm.obj                0      2         0      
       int49.asm.obj                0      2         0      
       int51.asm.obj                0      2         0      
       int53.asm.obj                0      2         0      
       int54.asm.obj                0      2         0      
       int55.asm.obj                0      2         0      
       int56.asm.obj                0      2         0      
       int57.asm.obj                0      2         0      
       int58.asm.obj                0      2         0      
       startup.c.obj                2      0         0      
    +--+----------------------------+------+---------+---------+
       Total:                       894    277       0      
                                                            
       Stack:                       0      0         160    
       Linker Generated:            0      66        0      
    +--+----------------------------+------+---------+---------+
       Grand Total:                 6688   1315      350    


LINKER GENERATED COPY TABLES

__TI_cinit_table @ 0000c432 records: 2, size/record: 8, table size: 16
	.data: load addr=0000c400, load size=00000020 bytes, run addr=00002000, run size=000000b2 bytes, compression=lzss
	.bss: load addr=0000c42c, load size=00000006 bytes, run addr=000020b2, run size=0000000c bytes, compression=zero_init


LINKER GENERATED HANDLER TABLE

__TI_handler_table @ 0000c420 records: 3, size/record: 4, table size: 12
	index: 0, handler: __TI_zero_init
	index: 1, handler: __TI_decompress_lzss
	index: 2, handler: __TI_decompress_none


GLOBAL SYMBOLS: SORTED ALPHABETICALLY BY Name 

address   name                                       
-------   ----                                       
00000700  ADCCTL0                                    
00000701  ADCCTL0_H                                  
00000700  ADCCTL0_L                                  
00000702  ADCCTL1                                    
00000703  ADCCTL1_H                                  
00000702  ADCCTL1_L                                  
00000704  ADCCTL2                                    
00000705  ADCCTL2_H                                  
00000704  ADCCTL2_L                                  
00000708  ADCHI                                      
00000709  ADCHI_H                                    
00000708  ADCHI_L                                    
0000071a  ADCIE                                      
0000071b  ADCIE_H                                    
0000071a  ADCIE_L                                    
0000071c  ADCIFG                                     
0000071d  ADCIFG_H                                   
0000071c  ADCIFG_L                                   
0000071e  ADCIV                                      
0000071f  ADCIV_H                                    
0000071e  ADCIV_L                                    
00000706  ADCLO                                      
00000707  ADCLO_H                                    
00000706  ADCLO_L                                    
0000070a  ADCMCTL0                                   
0000070b  ADCMCTL0_H                                 
0000070a  ADCMCTL0_L                                 
00000712  ADCMEM0                                    
00000713  ADCMEM0_H                                  
00000712  ADCMEM0_L                                  
00002070  ADCResult                                  
0000206e  ADCState                                   
0000deba  ADC_ISR                                    
0000e2ea  ADC_clearInterrupt                         
0000de5a  ADC_configureMemory                        
0000e2ba  ADC_enable                                 
0000e2f0  ADC_enableInterrupt                        
0000e2c2  ADC_getInterruptStatus                     
0000e2f6  ADC_getResults                             
0000dd8c  ADC_init                                   
0000e186  ADC_setupSamplingTimer                     
0000e0b0  ADC_startConversion                        
0000208a  ALARM_FLAG                                 
00000660  BAKMEM0                                    
00000661  BAKMEM0_H                                  
00000660  BAKMEM0_L                                  
00000662  BAKMEM1                                    
00000674  BAKMEM10                                   
00000675  BAKMEM10_H                                 
00000674  BAKMEM10_L                                 
00000676  BAKMEM11                                   
00000677  BAKMEM11_H                                 
00000676  BAKMEM11_L                                 
00000678  BAKMEM12                                   
00000679  BAKMEM12_H                                 
00000678  BAKMEM12_L                                 
0000067a  BAKMEM13                                   
0000067b  BAKMEM13_H                                 
0000067a  BAKMEM13_L                                 
0000067c  BAKMEM14                                   
0000067d  BAKMEM14_H                                 
0000067c  BAKMEM14_L                                 
0000067e  BAKMEM15                                   
0000067f  BAKMEM15_H                                 
0000067e  BAKMEM15_L                                 
00000663  BAKMEM1_H                                  
00000662  BAKMEM1_L                                  
00000664  BAKMEM2                                    
00000665  BAKMEM2_H                                  
00000664  BAKMEM2_L                                  
00000666  BAKMEM3                                    
00000667  BAKMEM3_H                                  
00000666  BAKMEM3_L                                  
00000668  BAKMEM4                                    
00000669  BAKMEM4_H                                  
00000668  BAKMEM4_L                                  
0000066a  BAKMEM5                                    
0000066b  BAKMEM5_H                                  
0000066a  BAKMEM5_L                                  
0000066c  BAKMEM6                                    
0000066d  BAKMEM6_H                                  
0000066c  BAKMEM6_L                                  
0000066e  BAKMEM7                                    
0000066f  BAKMEM7_H                                  
0000066e  BAKMEM7_L                                  
00000670  BAKMEM8                                    
00000671  BAKMEM8_H                                  
00000670  BAKMEM8_L                                  
00000672  BAKMEM9                                    
00000673  BAKMEM9_H                                  
00000672  BAKMEM9_L                                  
0000e31a  C$$EXIT                                    
000002ee  CAPTIO0CTL                                 
000002ef  CAPTIO0CTL_H                               
000002ee  CAPTIO0CTL_L                               
000001c0  CRCDI                                      
000001c2  CRCDIRB                                    
000001c3  CRCDIRB_H                                  
000001c2  CRCDIRB_L                                  
000001c1  CRCDI_H                                    
000001c0  CRCDI_L                                    
000001c4  CRCINIRES                                  
000001c5  CRCINIRES_H                                
000001c4  CRCINIRES_L                                
000001c6  CRCRESR                                    
000001c7  CRCRESR_H                                  
000001c6  CRCRESR_L                                  
00000180  CSCTL0                                     
00000181  CSCTL0_H                                   
00000180  CSCTL0_L                                   
00000182  CSCTL1                                     
00000183  CSCTL1_H                                   
00000182  CSCTL1_L                                   
00000184  CSCTL2                                     
00000185  CSCTL2_H                                   
00000184  CSCTL2_L                                   
00000186  CSCTL3                                     
00000187  CSCTL3_H                                   
00000186  CSCTL3_L                                   
00000188  CSCTL4                                     
00000189  CSCTL4_H                                   
00000188  CSCTL4_L                                   
0000018a  CSCTL5                                     
0000018b  CSCTL5_H                                   
0000018a  CSCTL5_L                                   
0000018c  CSCTL6                                     
0000018d  CSCTL6_H                                   
0000018c  CSCTL6_L                                   
0000018e  CSCTL7                                     
0000018f  CSCTL7_H                                   
0000018e  CSCTL7_L                                   
00000190  CSCTL8                                     
00000191  CSCTL8_H                                   
00000190  CSCTL8_L                                   
0000d712  CS_initClockSignal                         
0000e288  CS_setExternalClockSource                  
0000de8a  CS_turnOnXT1LF                             
00002094  DISPLAY_LCD_FLAG                           
0000c906  EUSCIA0_ISR                                
0000e2fc  EUSCI_A_UART_clearInterrupt                
0000e302  EUSCI_A_UART_enable                        
0000e12e  EUSCI_A_UART_enableInterrupt               
0000e2ca  EUSCI_A_UART_getInterruptStatus            
0000d868  EUSCI_A_UART_init                          
0000e19a  EUSCI_A_UART_receiveData                   
0000e1ae  EUSCI_A_UART_transmitData                  
000001a0  FRCTL0                                     
000001a1  FRCTL0_H                                   
000001a0  FRCTL0_L                                   
000001a4  GCCTL0                                     
000001a5  GCCTL0_H                                   
000001a4  GCCTL0_L                                   
000001a6  GCCTL1                                     
000001a7  GCCTL1_H                                   
000001a6  GCCTL1_L                                   
0000e0ca  GPIO_getInputPinValue                      
0000e016  GPIO_setAsInputPin                         
0000dff0  GPIO_setAsInputPinWithPullUpResistor       
0000e0e4  GPIO_setAsOutputPin                        
0000de28  GPIO_setAsPeripheralModuleFunctionInputPin 
0000deea  GPIO_setAsPeripheralModuleFunctionOutputPin
0000e144  GPIO_setOutputHighOnPin                    
0000e15a  GPIO_setOutputLowOnPin                     
0000dbb4  Init_ADC                                   
0000dd14  Init_Clock                                 
0000d7ca  Init_GPIO                                  
0000d58e  Init_LCD                                   
0000df46  Init_PWM                                   
0000e0fe  Init_RTC                                   
0000da06  Init_UART                                  
00000604  LCDBLKCTL                                  
00000605  LCDBLKCTL_H                                
00000604  LCDBLKCTL_L                                
00000640  LCDBM0W                                    
00000641  LCDBM0W_H                                  
00000640  LCDBM0W_L                                  
0000064a  LCDBM10W                                   
0000064b  LCDBM10W_H                                 
0000064a  LCDBM10W_L                                 
0000064c  LCDBM12W                                   
0000064d  LCDBM12W_H                                 
0000064c  LCDBM12W_L                                 
0000064e  LCDBM14W                                   
0000064f  LCDBM14W_H                                 
0000064e  LCDBM14W_L                                 
00000650  LCDBM16W                                   
00000651  LCDBM16W_H                                 
00000650  LCDBM16W_L                                 
00000652  LCDBM18W                                   
00000653  LCDBM18W_H                                 
00000652  LCDBM18W_L                                 
00000642  LCDBM2W                                    
00000643  LCDBM2W_H                                  
00000642  LCDBM2W_L                                  
00000644  LCDBM4W                                    
00000645  LCDBM4W_H                                  
00000644  LCDBM4W_L                                  
00000646  LCDBM6W                                    
00000647  LCDBM6W_H                                  
00000646  LCDBM6W_L                                  
00000648  LCDBM8W                                    
00000649  LCDBM8W_H                                  
00000648  LCDBM8W_L                                  
00000614  LCDCSSEL0                                  
00000615  LCDCSSEL0_H                                
00000614  LCDCSSEL0_L                                
00000616  LCDCSSEL1                                  
00000617  LCDCSSEL1_H                                
00000616  LCDCSSEL1_L                                
00000618  LCDCSSEL2                                  
00000619  LCDCSSEL2_H                                
00000618  LCDCSSEL2_L                                
00000600  LCDCTL0                                    
00000601  LCDCTL0_H                                  
00000600  LCDCTL0_L                                  
00000602  LCDCTL1                                    
00000603  LCDCTL1_H                                  
00000602  LCDCTL1_L                                  
0000061e  LCDIV                                      
00000620  LCDM0W                                     
00000621  LCDM0W_H                                   
00000620  LCDM0W_L                                   
0000062a  LCDM10W                                    
0000062b  LCDM10W_H                                  
0000062a  LCDM10W_L                                  
0000062c  LCDM12W                                    
0000062d  LCDM12W_H                                  
0000062c  LCDM12W_L                                  
0000062e  LCDM14W                                    
0000062f  LCDM14W_H                                  
0000062e  LCDM14W_L                                  
00000630  LCDM16W                                    
00000631  LCDM16W_H                                  
00000630  LCDM16W_L                                  
00000632  LCDM18W                                    
00000633  LCDM18W_H                                  
00000632  LCDM18W_L                                  
00000634  LCDM20W                                    
00000635  LCDM20W_H                                  
00000634  LCDM20W_L                                  
00000636  LCDM22W                                    
00000637  LCDM22W_H                                  
00000636  LCDM22W_L                                  
00000638  LCDM24W                                    
00000639  LCDM24W_H                                  
00000638  LCDM24W_L                                  
0000063a  LCDM26W                                    
0000063b  LCDM26W_H                                  
0000063a  LCDM26W_L                                  
0000063c  LCDM28W                                    
0000063d  LCDM28W_H                                  
0000063c  LCDM28W_L                                  
00000622  LCDM2W                                     
00000623  LCDM2W_H                                   
00000622  LCDM2W_L                                   
0000063e  LCDM30W                                    
0000063f  LCDM30W_H                                  
0000063e  LCDM30W_L                                  
00000640  LCDM32W                                    
00000641  LCDM32W_H                                  
00000640  LCDM32W_L                                  
00000642  LCDM34W                                    
00000643  LCDM34W_H                                  
00000642  LCDM34W_L                                  
00000644  LCDM36W                                    
00000645  LCDM36W_H                                  
00000644  LCDM36W_L                                  
00000646  LCDM38W                                    
00000647  LCDM38W_H                                  
00000646  LCDM38W_L                                  
00000624  LCDM4W                                     
00000625  LCDM4W_H                                   
00000624  LCDM4W_L                                   
00000626  LCDM6W                                     
00000627  LCDM6W_H                                   
00000626  LCDM6W_L                                   
00000628  LCDM8W                                     
00000629  LCDM8W_H                                   
00000628  LCDM8W_L                                   
00000606  LCDMEMCTL                                  
00000607  LCDMEMCTL_H                                
00000606  LCDMEMCTL_L                                
0000060a  LCDPCTL0                                   
0000060b  LCDPCTL0_H                                 
0000060a  LCDPCTL0_L                                 
0000060c  LCDPCTL1                                   
0000060d  LCDPCTL1_H                                 
0000060c  LCDPCTL1_L                                 
0000060e  LCDPCTL2                                   
0000060f  LCDPCTL2_H                                 
0000060e  LCDPCTL2_L                                 
00000608  LCDVCTL                                    
00000609  LCDVCTL_H                                  
00000608  LCDVCTL_L                                  
0000e308  LCD_E_clearAllMemory                       
0000e2d2  LCD_E_enableChargePump                     
0000dfc8  LCD_E_init                                 
0000e27c  LCD_E_on                                   
0000e244  LCD_E_selectDisplayMemory                  
0000e252  LCD_E_setChargePumpFreq                    
0000da86  LCD_E_setPinAsCOM                          
0000d982  LCD_E_setPinAsLCDFunctionEx                
0000e1fe  LCD_E_setVLCDSource                        
0000e260  LCD_E_setVLCDVoltage                       
0000209c  MEASURE_FLAG                               
00002096  MIC_FLAG                                   
0000020e  P1IV                                       
0000021e  P2IV                                       
00000204  PADIR                                      
00000205  PADIR_H                                    
00000204  PADIR_L                                    
0000021a  PAIE                                       
00000218  PAIES                                      
00000219  PAIES_H                                    
00000218  PAIES_L                                    
0000021b  PAIE_H                                     
0000021a  PAIE_L                                     
0000021c  PAIFG                                      
0000021d  PAIFG_H                                    
0000021c  PAIFG_L                                    
00000200  PAIN                                       
00000201  PAIN_H                                     
00000200  PAIN_L                                     
00000202  PAOUT                                      
00000203  PAOUT_H                                    
00000202  PAOUT_L                                    
00000206  PAREN                                      
00000207  PAREN_H                                    
00000206  PAREN_L                                    
0000020a  PASEL0                                     
0000020b  PASEL0_H                                   
0000020a  PASEL0_L                                   
00000224  PBDIR                                      
00000225  PBDIR_H                                    
00000224  PBDIR_L                                    
00000220  PBIN                                       
00000221  PBIN_H                                     
00000220  PBIN_L                                     
00000222  PBOUT                                      
00000223  PBOUT_H                                    
00000222  PBOUT_L                                    
00000226  PBREN                                      
00000227  PBREN_H                                    
00000226  PBREN_L                                    
0000022a  PBSEL0                                     
0000022b  PBSEL0_H                                   
0000022a  PBSEL0_L                                   
00000244  PCDIR                                      
00000245  PCDIR_H                                    
00000244  PCDIR_L                                    
00000240  PCIN                                       
00000241  PCIN_H                                     
00000240  PCIN_L                                     
00000242  PCOUT                                      
00000243  PCOUT_H                                    
00000242  PCOUT_L                                    
00000246  PCREN                                      
00000247  PCREN_H                                    
00000246  PCREN_L                                    
0000024a  PCSEL0                                     
0000024b  PCSEL0_H                                   
0000024a  PCSEL0_L                                   
00000264  PDDIR                                      
00000265  PDDIR_H                                    
00000264  PDDIR_L                                    
00000260  PDIN                                       
00000261  PDIN_H                                     
00000260  PDIN_L                                     
00000262  PDOUT                                      
00000263  PDOUT_H                                    
00000262  PDOUT_L                                    
00000266  PDREN                                      
00000267  PDREN_H                                    
00000266  PDREN_L                                    
0000026a  PDSEL0                                     
0000026b  PDSEL0_H                                   
0000026a  PDSEL0_L                                   
00000130  PM5CTL0                                    
00000131  PM5CTL0_H                                  
00000130  PM5CTL0_L                                  
00000120  PMMCTL0                                    
00000121  PMMCTL0_H                                  
00000120  PMMCTL0_L                                  
00000122  PMMCTL1                                    
00000123  PMMCTL1_H                                  
00000122  PMMCTL1_L                                  
00000124  PMMCTL2                                    
00000125  PMMCTL2_H                                  
00000124  PMMCTL2_L                                  
0000012e  PMMIE                                      
0000012f  PMMIE_H                                    
0000012e  PMMIE_L                                    
0000012a  PMMIFG                                     
0000012b  PMMIFG_H                                   
0000012a  PMMIFG_L                                   
0000e30e  PMM_unlockLPM5                             
0000e036  Port_1                                     
0000e076  Port_2                                     
000003cc  RTCCNT                                     
000003cd  RTCCNT_H                                   
000003cc  RTCCNT_L                                   
000003c0  RTCCTL                                     
000003c1  RTCCTL_H                                   
000003c0  RTCCTL_L                                   
000003c4  RTCIV                                      
000003c5  RTCIV_H                                    
000003c4  RTCIV_L                                    
000003c8  RTCMOD                                     
000003c9  RTCMOD_H                                   
000003c8  RTCMOD_L                                   
00002072  RTC_COUNTER                                
0000d1ea  RTC_ISR                                    
0000e314  RTC_clearInterrupt                         
0000e292  RTC_enableInterrupt                        
0000e234  RTC_init                                   
0000e210  RTC_start                                  
00000100  SFRIE1                                     
00000101  SFRIE1_H                                   
00000100  SFRIE1_L                                   
00000102  SFRIFG1                                    
00000103  SFRIFG1_H                                  
00000102  SFRIFG1_L                                  
00000104  SFRRPCR                                    
00000105  SFRRPCR_H                                  
00000104  SFRRPCR_L                                  
00000158  SYSBERRIV                                  
00000159  SYSBERRIV_H                                
00000158  SYSBERRIV_L                                
00000142  SYSBSLC                                    
00000143  SYSBSLC_H                                  
00000142  SYSBSLC_L                                  
00000160  SYSCFG0                                    
00000161  SYSCFG0_H                                  
00000160  SYSCFG0_L                                  
00000162  SYSCFG1                                    
00000163  SYSCFG1_H                                  
00000162  SYSCFG1_L                                  
00000164  SYSCFG2                                    
00000165  SYSCFG2_H                                  
00000164  SYSCFG2_L                                  
00000140  SYSCTL                                     
00000141  SYSCTL_H                                   
00000140  SYSCTL_L                                   
00000146  SYSJMBC                                    
00000147  SYSJMBC_H                                  
00000146  SYSJMBC_L                                  
00000148  SYSJMBI0                                   
00000149  SYSJMBI0_H                                 
00000148  SYSJMBI0_L                                 
0000014a  SYSJMBI1                                   
0000014b  SYSJMBI1_H                                 
0000014a  SYSJMBI1_L                                 
0000014c  SYSJMBO0                                   
0000014d  SYSJMBO0_H                                 
0000014c  SYSJMBO0_L                                 
0000014e  SYSJMBO1                                   
0000014f  SYSJMBO1_H                                 
0000014e  SYSJMBO1_L                                 
0000015e  SYSRSTIV                                   
0000015f  SYSRSTIV_H                                 
0000015e  SYSRSTIV_L                                 
0000015c  SYSSNIV                                    
0000015d  SYSSNIV_H                                  
0000015c  SYSSNIV_L                                  
0000015a  SYSUNIV                                    
0000015b  SYSUNIV_H                                  
0000015a  SYSUNIV_L                                  
00000312  TA0CCR0                                    
00000314  TA0CCR1                                    
00000316  TA0CCR2                                    
00000302  TA0CCTL0                                   
00000304  TA0CCTL1                                   
00000306  TA0CCTL2                                   
00000300  TA0CTL                                     
00000320  TA0EX0                                     
0000032e  TA0IV                                      
00000310  TA0R                                       
00000352  TA1CCR0                                    
00000354  TA1CCR1                                    
00000356  TA1CCR2                                    
00000342  TA1CCTL0                                   
00000344  TA1CCTL1                                   
00000346  TA1CCTL2                                   
00000340  TA1CTL                                     
00000360  TA1EX0                                     
0000036e  TA1IV                                      
00000350  TA1R                                       
0000db5e  Timer_A_outputPWM                          
0000e2da  Timer_A_stop                               
00000510  UCA0ABCTL                                  
00000506  UCA0BRW                                    
00000507  UCA0BRW_H                                  
00000506  UCA0BRW_L                                  
00000500  UCA0CTLW0                                  
00000501  UCA0CTLW0_H                                
00000500  UCA0CTLW0_L                                
00000502  UCA0CTLW1                                  
00000503  UCA0CTLW1_H                                
00000502  UCA0CTLW1_L                                
0000051a  UCA0IE                                     
0000051b  UCA0IE_H                                   
0000051a  UCA0IE_L                                   
0000051c  UCA0IFG                                    
0000051d  UCA0IFG_H                                  
0000051c  UCA0IFG_L                                  
00000512  UCA0IRCTL                                  
00000513  UCA0IRCTL_H                                
00000512  UCA0IRCTL_L                                
0000051e  UCA0IV                                     
00000508  UCA0MCTLW                                  
00000509  UCA0MCTLW_H                                
00000508  UCA0MCTLW_L                                
0000050c  UCA0RXBUF                                  
0000050d  UCA0RXBUF_H                                
0000050c  UCA0RXBUF_L                                
0000050a  UCA0STATW                                  
0000050e  UCA0TXBUF                                  
0000050f  UCA0TXBUF_H                                
0000050e  UCA0TXBUF_L                                
0000055e  UCB0ADDMASK                                
0000055f  UCB0ADDMASK_H                              
0000055e  UCB0ADDMASK_L                              
0000055c  UCB0ADDRX                                  
0000055d  UCB0ADDRX_H                                
0000055c  UCB0ADDRX_L                                
00000546  UCB0BRW                                    
00000547  UCB0BRW_H                                  
00000546  UCB0BRW_L                                  
00000540  UCB0CTLW0                                  
00000541  UCB0CTLW0_H                                
00000540  UCB0CTLW0_L                                
00000542  UCB0CTLW1                                  
00000543  UCB0CTLW1_H                                
00000542  UCB0CTLW1_L                                
00000554  UCB0I2COA0                                 
00000555  UCB0I2COA0_H                               
00000554  UCB0I2COA0_L                               
00000556  UCB0I2COA1                                 
00000557  UCB0I2COA1_H                               
00000556  UCB0I2COA1_L                               
00000558  UCB0I2COA2                                 
00000559  UCB0I2COA2_H                               
00000558  UCB0I2COA2_L                               
0000055a  UCB0I2COA3                                 
0000055b  UCB0I2COA3_H                               
0000055a  UCB0I2COA3_L                               
00000560  UCB0I2CSA                                  
00000561  UCB0I2CSA_H                                
00000560  UCB0I2CSA_L                                
0000056a  UCB0IE                                     
0000056b  UCB0IE_H                                   
0000056a  UCB0IE_L                                   
0000056c  UCB0IFG                                    
0000056d  UCB0IFG_H                                  
0000056c  UCB0IFG_L                                  
0000056e  UCB0IV                                     
0000054c  UCB0RXBUF                                  
0000054d  UCB0RXBUF_H                                
0000054c  UCB0RXBUF_L                                
00000548  UCB0STATW                                  
00000549  UCB0STATW_H                                
00000548  UCB0STATW_L                                
0000054a  UCB0TBCNT                                  
0000054b  UCB0TBCNT_H                                
0000054a  UCB0TBCNT_L                                
0000054e  UCB0TXBUF                                  
0000054f  UCB0TXBUF_H                                
0000054e  UCB0TXBUF_L                                
000001cc  WDTCTL                                     
000001cd  WDTCTL_H                                   
000001cc  WDTCTL_L                                   
0000e1c2  WDT_A_hold                                 
00002074  ZONE_1_ARMED_STATUS                        
0000208c  ZONE_1_LOCK_STATUS                         
0000207e  ZONE_1_STATUS                              
00002086  ZONE_1_STATUS_DISPLAY                      
00002076  ZONE_2_ARMED_STATUS                        
0000208e  ZONE_2_LOCK_STATUS                         
00002080  ZONE_2_STATUS                              
00002087  ZONE_2_STATUS_DISPLAY                      
00002078  ZONE_3_ARMED_STATUS                        
00002090  ZONE_3_LOCK_STATUS                         
00002082  ZONE_3_STATUS                              
00002088  ZONE_3_STATUS_DISPLAY                      
0000207a  ZONE_4_ARMED_STATUS                        
00002092  ZONE_4_LOCK_STATUS                         
00002084  ZONE_4_STATUS                              
00002089  ZONE_4_STATUS_DISPLAY                      
0000207c  ZONE_A_SOUND_STATUS                        
00002800  __STACK_END                                
000000a0  __STACK_SIZE                               
0000c432  __TI_CINIT_Base                            
0000c442  __TI_CINIT_Limit                           
0000c420  __TI_Handler_Table_Base                    
0000c42c  __TI_Handler_Table_Limit                   
0000e2e2  __TI_ISR_TRAP                              
0000daf4  __TI_auto_init_nobinit_nopinit_hold_wdt    
0000d306  __TI_decompress_lzss                       
0000dd50  __TI_decompress_none                       
0000ffe2  __TI_int45                                 
0000ffe4  __TI_int46                                 
0000ffe6  __TI_int47                                 
0000ffe8  __TI_int48                                 
0000ffea  __TI_int49                                 
0000ffec  __TI_int50                                 
0000ffee  __TI_int51                                 
0000fff0  __TI_int52                                 
0000fff2  __TI_int53                                 
0000fff4  __TI_int54                                 
0000fff6  __TI_int55                                 
0000fff8  __TI_int56                                 
0000fffa  __TI_int57                                 
0000fffc  __TI_int58                                 
ffffffff  __TI_pprof_out_hndl                        
ffffffff  __TI_prof_data_size                        
ffffffff  __TI_prof_data_start                       
0000dcd6  __TI_zero_init_nomemset                    
ffffffff  __c_args__                                 
0000dc58  __memcpy_far                               
0000df72  __mspabi_divi                              
0000e170  __mspabi_divu                              
0000e1ea  __mspabi_mpyi                              
0000e1ea  __mspabi_mpyi_sw                           
0000df72  __mspabi_remi                              
0000e170  __mspabi_remu                              
0000e2a6  __mspabi_slli                              
0000e2b0  __mspabi_srli                              
0000e094  _c_int00_noargs                            
0000c786  _ctypes_                                   
0000fffe  _reset_vector                              
00002760  _stack                                     
0000e324  _system_post_cinit                         
0000e320  _system_pre_init                           
0000e31a  abort                                      
0000e29c  abs                                        
0000c888  alphabetBig                                
0000209e  armTime                                    
0000dc06  atoi                                       
0000dc98  clearLCD                                   
0000203c  command                                    
00002098  commandPosition                            
0000c8d8  digit                                      
000020a6  disarmTime                                 
0000d4c2  displayScrollText                          
0000df18  displayZoneStatusConditions                
0000ceb4  main                                       
0000e222  memcpy                                     
0000e1d6  memset                                     
00002000  noiseLevel                                 
0000209a  noiseLevelCounter                          
000020b2  param                                      
0000ddc0  printNewLine                               
0000d652  setEnableBitOutput                         
0000d8f6  showChar                                   
0000e116  strcmp                                     
0000e26e  strlen                                     
0000df9e  strncmp                                    
0000d3f4  transmitNumber                             
0000ddf4  transmitString                             


GLOBAL SYMBOLS: SORTED BY Symbol Address 

address   name                                       
-------   ----                                       
000000a0  __STACK_SIZE                               
00000100  SFRIE1                                     
00000100  SFRIE1_L                                   
00000101  SFRIE1_H                                   
00000102  SFRIFG1                                    
00000102  SFRIFG1_L                                  
00000103  SFRIFG1_H                                  
00000104  SFRRPCR                                    
00000104  SFRRPCR_L                                  
00000105  SFRRPCR_H                                  
00000120  PMMCTL0                                    
00000120  PMMCTL0_L                                  
00000121  PMMCTL0_H                                  
00000122  PMMCTL1                                    
00000122  PMMCTL1_L                                  
00000123  PMMCTL1_H                                  
00000124  PMMCTL2                                    
00000124  PMMCTL2_L                                  
00000125  PMMCTL2_H                                  
0000012a  PMMIFG                                     
0000012a  PMMIFG_L                                   
0000012b  PMMIFG_H                                   
0000012e  PMMIE                                      
0000012e  PMMIE_L                                    
0000012f  PMMIE_H                                    
00000130  PM5CTL0                                    
00000130  PM5CTL0_L                                  
00000131  PM5CTL0_H                                  
00000140  SYSCTL                                     
00000140  SYSCTL_L                                   
00000141  SYSCTL_H                                   
00000142  SYSBSLC                                    
00000142  SYSBSLC_L                                  
00000143  SYSBSLC_H                                  
00000146  SYSJMBC                                    
00000146  SYSJMBC_L                                  
00000147  SYSJMBC_H                                  
00000148  SYSJMBI0                                   
00000148  SYSJMBI0_L                                 
00000149  SYSJMBI0_H                                 
0000014a  SYSJMBI1                                   
0000014a  SYSJMBI1_L                                 
0000014b  SYSJMBI1_H                                 
0000014c  SYSJMBO0                                   
0000014c  SYSJMBO0_L                                 
0000014d  SYSJMBO0_H                                 
0000014e  SYSJMBO1                                   
0000014e  SYSJMBO1_L                                 
0000014f  SYSJMBO1_H                                 
00000158  SYSBERRIV                                  
00000158  SYSBERRIV_L                                
00000159  SYSBERRIV_H                                
0000015a  SYSUNIV                                    
0000015a  SYSUNIV_L                                  
0000015b  SYSUNIV_H                                  
0000015c  SYSSNIV                                    
0000015c  SYSSNIV_L                                  
0000015d  SYSSNIV_H                                  
0000015e  SYSRSTIV                                   
0000015e  SYSRSTIV_L                                 
0000015f  SYSRSTIV_H                                 
00000160  SYSCFG0                                    
00000160  SYSCFG0_L                                  
00000161  SYSCFG0_H                                  
00000162  SYSCFG1                                    
00000162  SYSCFG1_L                                  
00000163  SYSCFG1_H                                  
00000164  SYSCFG2                                    
00000164  SYSCFG2_L                                  
00000165  SYSCFG2_H                                  
00000180  CSCTL0                                     
00000180  CSCTL0_L                                   
00000181  CSCTL0_H                                   
00000182  CSCTL1                                     
00000182  CSCTL1_L                                   
00000183  CSCTL1_H                                   
00000184  CSCTL2                                     
00000184  CSCTL2_L                                   
00000185  CSCTL2_H                                   
00000186  CSCTL3                                     
00000186  CSCTL3_L                                   
00000187  CSCTL3_H                                   
00000188  CSCTL4                                     
00000188  CSCTL4_L                                   
00000189  CSCTL4_H                                   
0000018a  CSCTL5                                     
0000018a  CSCTL5_L                                   
0000018b  CSCTL5_H                                   
0000018c  CSCTL6                                     
0000018c  CSCTL6_L                                   
0000018d  CSCTL6_H                                   
0000018e  CSCTL7                                     
0000018e  CSCTL7_L                                   
0000018f  CSCTL7_H                                   
00000190  CSCTL8                                     
00000190  CSCTL8_L                                   
00000191  CSCTL8_H                                   
000001a0  FRCTL0                                     
000001a0  FRCTL0_L                                   
000001a1  FRCTL0_H                                   
000001a4  GCCTL0                                     
000001a4  GCCTL0_L                                   
000001a5  GCCTL0_H                                   
000001a6  GCCTL1                                     
000001a6  GCCTL1_L                                   
000001a7  GCCTL1_H                                   
000001c0  CRCDI                                      
000001c0  CRCDI_L                                    
000001c1  CRCDI_H                                    
000001c2  CRCDIRB                                    
000001c2  CRCDIRB_L                                  
000001c3  CRCDIRB_H                                  
000001c4  CRCINIRES                                  
000001c4  CRCINIRES_L                                
000001c5  CRCINIRES_H                                
000001c6  CRCRESR                                    
000001c6  CRCRESR_L                                  
000001c7  CRCRESR_H                                  
000001cc  WDTCTL                                     
000001cc  WDTCTL_L                                   
000001cd  WDTCTL_H                                   
00000200  PAIN                                       
00000200  PAIN_L                                     
00000201  PAIN_H                                     
00000202  PAOUT                                      
00000202  PAOUT_L                                    
00000203  PAOUT_H                                    
00000204  PADIR                                      
00000204  PADIR_L                                    
00000205  PADIR_H                                    
00000206  PAREN                                      
00000206  PAREN_L                                    
00000207  PAREN_H                                    
0000020a  PASEL0                                     
0000020a  PASEL0_L                                   
0000020b  PASEL0_H                                   
0000020e  P1IV                                       
00000218  PAIES                                      
00000218  PAIES_L                                    
00000219  PAIES_H                                    
0000021a  PAIE                                       
0000021a  PAIE_L                                     
0000021b  PAIE_H                                     
0000021c  PAIFG                                      
0000021c  PAIFG_L                                    
0000021d  PAIFG_H                                    
0000021e  P2IV                                       
00000220  PBIN                                       
00000220  PBIN_L                                     
00000221  PBIN_H                                     
00000222  PBOUT                                      
00000222  PBOUT_L                                    
00000223  PBOUT_H                                    
00000224  PBDIR                                      
00000224  PBDIR_L                                    
00000225  PBDIR_H                                    
00000226  PBREN                                      
00000226  PBREN_L                                    
00000227  PBREN_H                                    
0000022a  PBSEL0                                     
0000022a  PBSEL0_L                                   
0000022b  PBSEL0_H                                   
00000240  PCIN                                       
00000240  PCIN_L                                     
00000241  PCIN_H                                     
00000242  PCOUT                                      
00000242  PCOUT_L                                    
00000243  PCOUT_H                                    
00000244  PCDIR                                      
00000244  PCDIR_L                                    
00000245  PCDIR_H                                    
00000246  PCREN                                      
00000246  PCREN_L                                    
00000247  PCREN_H                                    
0000024a  PCSEL0                                     
0000024a  PCSEL0_L                                   
0000024b  PCSEL0_H                                   
00000260  PDIN                                       
00000260  PDIN_L                                     
00000261  PDIN_H                                     
00000262  PDOUT                                      
00000262  PDOUT_L                                    
00000263  PDOUT_H                                    
00000264  PDDIR                                      
00000264  PDDIR_L                                    
00000265  PDDIR_H                                    
00000266  PDREN                                      
00000266  PDREN_L                                    
00000267  PDREN_H                                    
0000026a  PDSEL0                                     
0000026a  PDSEL0_L                                   
0000026b  PDSEL0_H                                   
000002ee  CAPTIO0CTL                                 
000002ee  CAPTIO0CTL_L                               
000002ef  CAPTIO0CTL_H                               
00000300  TA0CTL                                     
00000302  TA0CCTL0                                   
00000304  TA0CCTL1                                   
00000306  TA0CCTL2                                   
00000310  TA0R                                       
00000312  TA0CCR0                                    
00000314  TA0CCR1                                    
00000316  TA0CCR2                                    
00000320  TA0EX0                                     
0000032e  TA0IV                                      
00000340  TA1CTL                                     
00000342  TA1CCTL0                                   
00000344  TA1CCTL1                                   
00000346  TA1CCTL2                                   
00000350  TA1R                                       
00000352  TA1CCR0                                    
00000354  TA1CCR1                                    
00000356  TA1CCR2                                    
00000360  TA1EX0                                     
0000036e  TA1IV                                      
000003c0  RTCCTL                                     
000003c0  RTCCTL_L                                   
000003c1  RTCCTL_H                                   
000003c4  RTCIV                                      
000003c4  RTCIV_L                                    
000003c5  RTCIV_H                                    
000003c8  RTCMOD                                     
000003c8  RTCMOD_L                                   
000003c9  RTCMOD_H                                   
000003cc  RTCCNT                                     
000003cc  RTCCNT_L                                   
000003cd  RTCCNT_H                                   
00000500  UCA0CTLW0                                  
00000500  UCA0CTLW0_L                                
00000501  UCA0CTLW0_H                                
00000502  UCA0CTLW1                                  
00000502  UCA0CTLW1_L                                
00000503  UCA0CTLW1_H                                
00000506  UCA0BRW                                    
00000506  UCA0BRW_L                                  
00000507  UCA0BRW_H                                  
00000508  UCA0MCTLW                                  
00000508  UCA0MCTLW_L                                
00000509  UCA0MCTLW_H                                
0000050a  UCA0STATW                                  
0000050c  UCA0RXBUF                                  
0000050c  UCA0RXBUF_L                                
0000050d  UCA0RXBUF_H                                
0000050e  UCA0TXBUF                                  
0000050e  UCA0TXBUF_L                                
0000050f  UCA0TXBUF_H                                
00000510  UCA0ABCTL                                  
00000512  UCA0IRCTL                                  
00000512  UCA0IRCTL_L                                
00000513  UCA0IRCTL_H                                
0000051a  UCA0IE                                     
0000051a  UCA0IE_L                                   
0000051b  UCA0IE_H                                   
0000051c  UCA0IFG                                    
0000051c  UCA0IFG_L                                  
0000051d  UCA0IFG_H                                  
0000051e  UCA0IV                                     
00000540  UCB0CTLW0                                  
00000540  UCB0CTLW0_L                                
00000541  UCB0CTLW0_H                                
00000542  UCB0CTLW1                                  
00000542  UCB0CTLW1_L                                
00000543  UCB0CTLW1_H                                
00000546  UCB0BRW                                    
00000546  UCB0BRW_L                                  
00000547  UCB0BRW_H                                  
00000548  UCB0STATW                                  
00000548  UCB0STATW_L                                
00000549  UCB0STATW_H                                
0000054a  UCB0TBCNT                                  
0000054a  UCB0TBCNT_L                                
0000054b  UCB0TBCNT_H                                
0000054c  UCB0RXBUF                                  
0000054c  UCB0RXBUF_L                                
0000054d  UCB0RXBUF_H                                
0000054e  UCB0TXBUF                                  
0000054e  UCB0TXBUF_L                                
0000054f  UCB0TXBUF_H                                
00000554  UCB0I2COA0                                 
00000554  UCB0I2COA0_L                               
00000555  UCB0I2COA0_H                               
00000556  UCB0I2COA1                                 
00000556  UCB0I2COA1_L                               
00000557  UCB0I2COA1_H                               
00000558  UCB0I2COA2                                 
00000558  UCB0I2COA2_L                               
00000559  UCB0I2COA2_H                               
0000055a  UCB0I2COA3                                 
0000055a  UCB0I2COA3_L                               
0000055b  UCB0I2COA3_H                               
0000055c  UCB0ADDRX                                  
0000055c  UCB0ADDRX_L                                
0000055d  UCB0ADDRX_H                                
0000055e  UCB0ADDMASK                                
0000055e  UCB0ADDMASK_L                              
0000055f  UCB0ADDMASK_H                              
00000560  UCB0I2CSA                                  
00000560  UCB0I2CSA_L                                
00000561  UCB0I2CSA_H                                
0000056a  UCB0IE                                     
0000056a  UCB0IE_L                                   
0000056b  UCB0IE_H                                   
0000056c  UCB0IFG                                    
0000056c  UCB0IFG_L                                  
0000056d  UCB0IFG_H                                  
0000056e  UCB0IV                                     
00000600  LCDCTL0                                    
00000600  LCDCTL0_L                                  
00000601  LCDCTL0_H                                  
00000602  LCDCTL1                                    
00000602  LCDCTL1_L                                  
00000603  LCDCTL1_H                                  
00000604  LCDBLKCTL                                  
00000604  LCDBLKCTL_L                                
00000605  LCDBLKCTL_H                                
00000606  LCDMEMCTL                                  
00000606  LCDMEMCTL_L                                
00000607  LCDMEMCTL_H                                
00000608  LCDVCTL                                    
00000608  LCDVCTL_L                                  
00000609  LCDVCTL_H                                  
0000060a  LCDPCTL0                                   
0000060a  LCDPCTL0_L                                 
0000060b  LCDPCTL0_H                                 
0000060c  LCDPCTL1                                   
0000060c  LCDPCTL1_L                                 
0000060d  LCDPCTL1_H                                 
0000060e  LCDPCTL2                                   
0000060e  LCDPCTL2_L                                 
0000060f  LCDPCTL2_H                                 
00000614  LCDCSSEL0                                  
00000614  LCDCSSEL0_L                                
00000615  LCDCSSEL0_H                                
00000616  LCDCSSEL1                                  
00000616  LCDCSSEL1_L                                
00000617  LCDCSSEL1_H                                
00000618  LCDCSSEL2                                  
00000618  LCDCSSEL2_L                                
00000619  LCDCSSEL2_H                                
0000061e  LCDIV                                      
00000620  LCDM0W                                     
00000620  LCDM0W_L                                   
00000621  LCDM0W_H                                   
00000622  LCDM2W                                     
00000622  LCDM2W_L                                   
00000623  LCDM2W_H                                   
00000624  LCDM4W                                     
00000624  LCDM4W_L                                   
00000625  LCDM4W_H                                   
00000626  LCDM6W                                     
00000626  LCDM6W_L                                   
00000627  LCDM6W_H                                   
00000628  LCDM8W                                     
00000628  LCDM8W_L                                   
00000629  LCDM8W_H                                   
0000062a  LCDM10W                                    
0000062a  LCDM10W_L                                  
0000062b  LCDM10W_H                                  
0000062c  LCDM12W                                    
0000062c  LCDM12W_L                                  
0000062d  LCDM12W_H                                  
0000062e  LCDM14W                                    
0000062e  LCDM14W_L                                  
0000062f  LCDM14W_H                                  
00000630  LCDM16W                                    
00000630  LCDM16W_L                                  
00000631  LCDM16W_H                                  
00000632  LCDM18W                                    
00000632  LCDM18W_L                                  
00000633  LCDM18W_H                                  
00000634  LCDM20W                                    
00000634  LCDM20W_L                                  
00000635  LCDM20W_H                                  
00000636  LCDM22W                                    
00000636  LCDM22W_L                                  
00000637  LCDM22W_H                                  
00000638  LCDM24W                                    
00000638  LCDM24W_L                                  
00000639  LCDM24W_H                                  
0000063a  LCDM26W                                    
0000063a  LCDM26W_L                                  
0000063b  LCDM26W_H                                  
0000063c  LCDM28W                                    
0000063c  LCDM28W_L                                  
0000063d  LCDM28W_H                                  
0000063e  LCDM30W                                    
0000063e  LCDM30W_L                                  
0000063f  LCDM30W_H                                  
00000640  LCDBM0W                                    
00000640  LCDBM0W_L                                  
00000640  LCDM32W                                    
00000640  LCDM32W_L                                  
00000641  LCDBM0W_H                                  
00000641  LCDM32W_H                                  
00000642  LCDBM2W                                    
00000642  LCDBM2W_L                                  
00000642  LCDM34W                                    
00000642  LCDM34W_L                                  
00000643  LCDBM2W_H                                  
00000643  LCDM34W_H                                  
00000644  LCDBM4W                                    
00000644  LCDBM4W_L                                  
00000644  LCDM36W                                    
00000644  LCDM36W_L                                  
00000645  LCDBM4W_H                                  
00000645  LCDM36W_H                                  
00000646  LCDBM6W                                    
00000646  LCDBM6W_L                                  
00000646  LCDM38W                                    
00000646  LCDM38W_L                                  
00000647  LCDBM6W_H                                  
00000647  LCDM38W_H                                  
00000648  LCDBM8W                                    
00000648  LCDBM8W_L                                  
00000649  LCDBM8W_H                                  
0000064a  LCDBM10W                                   
0000064a  LCDBM10W_L                                 
0000064b  LCDBM10W_H                                 
0000064c  LCDBM12W                                   
0000064c  LCDBM12W_L                                 
0000064d  LCDBM12W_H                                 
0000064e  LCDBM14W                                   
0000064e  LCDBM14W_L                                 
0000064f  LCDBM14W_H                                 
00000650  LCDBM16W                                   
00000650  LCDBM16W_L                                 
00000651  LCDBM16W_H                                 
00000652  LCDBM18W                                   
00000652  LCDBM18W_L                                 
00000653  LCDBM18W_H                                 
00000660  BAKMEM0                                    
00000660  BAKMEM0_L                                  
00000661  BAKMEM0_H                                  
00000662  BAKMEM1                                    
00000662  BAKMEM1_L                                  
00000663  BAKMEM1_H                                  
00000664  BAKMEM2                                    
00000664  BAKMEM2_L                                  
00000665  BAKMEM2_H                                  
00000666  BAKMEM3                                    
00000666  BAKMEM3_L                                  
00000667  BAKMEM3_H                                  
00000668  BAKMEM4                                    
00000668  BAKMEM4_L                                  
00000669  BAKMEM4_H                                  
0000066a  BAKMEM5                                    
0000066a  BAKMEM5_L                                  
0000066b  BAKMEM5_H                                  
0000066c  BAKMEM6                                    
0000066c  BAKMEM6_L                                  
0000066d  BAKMEM6_H                                  
0000066e  BAKMEM7                                    
0000066e  BAKMEM7_L                                  
0000066f  BAKMEM7_H                                  
00000670  BAKMEM8                                    
00000670  BAKMEM8_L                                  
00000671  BAKMEM8_H                                  
00000672  BAKMEM9                                    
00000672  BAKMEM9_L                                  
00000673  BAKMEM9_H                                  
00000674  BAKMEM10                                   
00000674  BAKMEM10_L                                 
00000675  BAKMEM10_H                                 
00000676  BAKMEM11                                   
00000676  BAKMEM11_L                                 
00000677  BAKMEM11_H                                 
00000678  BAKMEM12                                   
00000678  BAKMEM12_L                                 
00000679  BAKMEM12_H                                 
0000067a  BAKMEM13                                   
0000067a  BAKMEM13_L                                 
0000067b  BAKMEM13_H                                 
0000067c  BAKMEM14                                   
0000067c  BAKMEM14_L                                 
0000067d  BAKMEM14_H                                 
0000067e  BAKMEM15                                   
0000067e  BAKMEM15_L                                 
0000067f  BAKMEM15_H                                 
00000700  ADCCTL0                                    
00000700  ADCCTL0_L                                  
00000701  ADCCTL0_H                                  
00000702  ADCCTL1                                    
00000702  ADCCTL1_L                                  
00000703  ADCCTL1_H                                  
00000704  ADCCTL2                                    
00000704  ADCCTL2_L                                  
00000705  ADCCTL2_H                                  
00000706  ADCLO                                      
00000706  ADCLO_L                                    
00000707  ADCLO_H                                    
00000708  ADCHI                                      
00000708  ADCHI_L                                    
00000709  ADCHI_H                                    
0000070a  ADCMCTL0                                   
0000070a  ADCMCTL0_L                                 
0000070b  ADCMCTL0_H                                 
00000712  ADCMEM0                                    
00000712  ADCMEM0_L                                  
00000713  ADCMEM0_H                                  
0000071a  ADCIE                                      
0000071a  ADCIE_L                                    
0000071b  ADCIE_H                                    
0000071c  ADCIFG                                     
0000071c  ADCIFG_L                                   
0000071d  ADCIFG_H                                   
0000071e  ADCIV                                      
0000071e  ADCIV_L                                    
0000071f  ADCIV_H                                    
00002000  noiseLevel                                 
0000203c  command                                    
0000206e  ADCState                                   
00002070  ADCResult                                  
00002072  RTC_COUNTER                                
00002074  ZONE_1_ARMED_STATUS                        
00002076  ZONE_2_ARMED_STATUS                        
00002078  ZONE_3_ARMED_STATUS                        
0000207a  ZONE_4_ARMED_STATUS                        
0000207c  ZONE_A_SOUND_STATUS                        
0000207e  ZONE_1_STATUS                              
00002080  ZONE_2_STATUS                              
00002082  ZONE_3_STATUS                              
00002084  ZONE_4_STATUS                              
00002086  ZONE_1_STATUS_DISPLAY                      
00002087  ZONE_2_STATUS_DISPLAY                      
00002088  ZONE_3_STATUS_DISPLAY                      
00002089  ZONE_4_STATUS_DISPLAY                      
0000208a  ALARM_FLAG                                 
0000208c  ZONE_1_LOCK_STATUS                         
0000208e  ZONE_2_LOCK_STATUS                         
00002090  ZONE_3_LOCK_STATUS                         
00002092  ZONE_4_LOCK_STATUS                         
00002094  DISPLAY_LCD_FLAG                           
00002096  MIC_FLAG                                   
00002098  commandPosition                            
0000209a  noiseLevelCounter                          
0000209c  MEASURE_FLAG                               
0000209e  armTime                                    
000020a6  disarmTime                                 
000020b2  param                                      
00002760  _stack                                     
00002800  __STACK_END                                
0000c420  __TI_Handler_Table_Base                    
0000c42c  __TI_Handler_Table_Limit                   
0000c432  __TI_CINIT_Base                            
0000c442  __TI_CINIT_Limit                           
0000c786  _ctypes_                                   
0000c888  alphabetBig                                
0000c8d8  digit                                      
0000c906  EUSCIA0_ISR                                
0000ceb4  main                                       
0000d1ea  RTC_ISR                                    
0000d306  __TI_decompress_lzss                       
0000d3f4  transmitNumber                             
0000d4c2  displayScrollText                          
0000d58e  Init_LCD                                   
0000d652  setEnableBitOutput                         
0000d712  CS_initClockSignal                         
0000d7ca  Init_GPIO                                  
0000d868  EUSCI_A_UART_init                          
0000d8f6  showChar                                   
0000d982  LCD_E_setPinAsLCDFunctionEx                
0000da06  Init_UART                                  
0000da86  LCD_E_setPinAsCOM                          
0000daf4  __TI_auto_init_nobinit_nopinit_hold_wdt    
0000db5e  Timer_A_outputPWM                          
0000dbb4  Init_ADC                                   
0000dc06  atoi                                       
0000dc58  __memcpy_far                               
0000dc98  clearLCD                                   
0000dcd6  __TI_zero_init_nomemset                    
0000dd14  Init_Clock                                 
0000dd50  __TI_decompress_none                       
0000dd8c  ADC_init                                   
0000ddc0  printNewLine                               
0000ddf4  transmitString                             
0000de28  GPIO_setAsPeripheralModuleFunctionInputPin 
0000de5a  ADC_configureMemory                        
0000de8a  CS_turnOnXT1LF                             
0000deba  ADC_ISR                                    
0000deea  GPIO_setAsPeripheralModuleFunctionOutputPin
0000df18  displayZoneStatusConditions                
0000df46  Init_PWM                                   
0000df72  __mspabi_divi                              
0000df72  __mspabi_remi                              
0000df9e  strncmp                                    
0000dfc8  LCD_E_init                                 
0000dff0  GPIO_setAsInputPinWithPullUpResistor       
0000e016  GPIO_setAsInputPin                         
0000e036  Port_1                                     
0000e076  Port_2                                     
0000e094  _c_int00_noargs                            
0000e0b0  ADC_startConversion                        
0000e0ca  GPIO_getInputPinValue                      
0000e0e4  GPIO_setAsOutputPin                        
0000e0fe  Init_RTC                                   
0000e116  strcmp                                     
0000e12e  EUSCI_A_UART_enableInterrupt               
0000e144  GPIO_setOutputHighOnPin                    
0000e15a  GPIO_setOutputLowOnPin                     
0000e170  __mspabi_divu                              
0000e170  __mspabi_remu                              
0000e186  ADC_setupSamplingTimer                     
0000e19a  EUSCI_A_UART_receiveData                   
0000e1ae  EUSCI_A_UART_transmitData                  
0000e1c2  WDT_A_hold                                 
0000e1d6  memset                                     
0000e1ea  __mspabi_mpyi                              
0000e1ea  __mspabi_mpyi_sw                           
0000e1fe  LCD_E_setVLCDSource                        
0000e210  RTC_start                                  
0000e222  memcpy                                     
0000e234  RTC_init                                   
0000e244  LCD_E_selectDisplayMemory                  
0000e252  LCD_E_setChargePumpFreq                    
0000e260  LCD_E_setVLCDVoltage                       
0000e26e  strlen                                     
0000e27c  LCD_E_on                                   
0000e288  CS_setExternalClockSource                  
0000e292  RTC_enableInterrupt                        
0000e29c  abs                                        
0000e2a6  __mspabi_slli                              
0000e2b0  __mspabi_srli                              
0000e2ba  ADC_enable                                 
0000e2c2  ADC_getInterruptStatus                     
0000e2ca  EUSCI_A_UART_getInterruptStatus            
0000e2d2  LCD_E_enableChargePump                     
0000e2da  Timer_A_stop                               
0000e2e2  __TI_ISR_TRAP                              
0000e2ea  ADC_clearInterrupt                         
0000e2f0  ADC_enableInterrupt                        
0000e2f6  ADC_getResults                             
0000e2fc  EUSCI_A_UART_clearInterrupt                
0000e302  EUSCI_A_UART_enable                        
0000e308  LCD_E_clearAllMemory                       
0000e30e  PMM_unlockLPM5                             
0000e314  RTC_clearInterrupt                         
0000e31a  C$$EXIT                                    
0000e31a  abort                                      
0000e320  _system_pre_init                           
0000e324  _system_post_cinit                         
0000ffe2  __TI_int45                                 
0000ffe4  __TI_int46                                 
0000ffe6  __TI_int47                                 
0000ffe8  __TI_int48                                 
0000ffea  __TI_int49                                 
0000ffec  __TI_int50                                 
0000ffee  __TI_int51                                 
0000fff0  __TI_int52                                 
0000fff2  __TI_int53                                 
0000fff4  __TI_int54                                 
0000fff6  __TI_int55                                 
0000fff8  __TI_int56                                 
0000fffa  __TI_int57                                 
0000fffc  __TI_int58                                 
0000fffe  _reset_vector                              
ffffffff  __TI_pprof_out_hndl                        
ffffffff  __TI_prof_data_size                        
ffffffff  __TI_prof_data_start                       
ffffffff  __c_args__                                 

[659 symbols]
